ev1
ev2
ev3
ev4
ev5
ev6
ev7
ev8
ev1
ev2
ev3
ev4
ev5
ev6
ev7
ev8
